<?xml version="1.0" encoding="utf-8"?><testsuites><testsuite name="pytest" errors="0" failures="0" skipped="0" tests="75" time="239.283" timestamp="2025-09-18T10:44:15.784270+01:00" hostname="tobfer-Latitude-5431"><testcase classname="tests.test_01_config_metadata.TestConfigMetadataClass" name="test_build_metadata" file="tests/test_01_config_metadata.py" line="146" time="0.130" /><testcase classname="tests.test_01_config_metadata.TestConfigMetadataClass" name="test_config_class" file="tests/test_01_config_metadata.py" line="24" time="0.003" /><testcase classname="tests.test_01_config_metadata.TestConfigMetadataClass" name="test_config_class_errors" file="tests/test_01_config_metadata.py" line="55" time="0.005" /><testcase classname="tests.test_01_config_metadata.TestConfigMetadataClass" name="test_config_class_warning" file="tests/test_01_config_metadata.py" line="35" time="0.004" /><testcase classname="tests.test_01_config_metadata.TestConfigMetadataClass" name="test_metadata_conventions" file="tests/test_01_config_metadata.py" line="96" time="0.061" /><testcase classname="tests.test_01_config_metadata.TestConfigMetadataClass" name="test_metadata_conventions_error" file="tests/test_01_config_metadata.py" line="130" time="0.027" /><testcase classname="tests.test_01_config_metadata.TestConfigMetadataClass" name="test_metadata_error" file="tests/test_01_config_metadata.py" line="163" time="0.021" /><testcase classname="tests.test_01_config_metadata.TestConfigMetadataClass" name="test_metadata_error_ifdo" file="tests/test_01_config_metadata.py" line="188" time="0.008" /><testcase classname="tests.test_01_config_metadata.TestConfigMetadataClass" name="test_parsing_config_file" file="tests/test_01_config_metadata.py" line="67" time="0.055" /><testcase classname="tests.test_01_config_metadata.TestConfigMetadataClass" name="test_parsing_metadata" file="tests/test_01_config_metadata.py" line="74" time="0.027" /><testcase classname="tests.test_02_simple_processing.TestSimpleProcessing" name="test_open_layer_class" file="tests/test_02_simple_processing.py" line="21" time="0.567" /><testcase classname="tests.test_02_simple_processing.TestSimpleProcessing" name="test_processing_without_conf_file" file="tests/test_02_simple_processing.py" line="78" time="0.333" /><testcase classname="tests.test_03_pipeline.TestSimplePipeline" name="test_force_error_verbose" file="tests/test_03_pipeline.py" line="116" time="0.001" /><testcase classname="tests.test_03_pipeline.TestSimplePipeline" name="test_simple_pipeline" file="tests/test_03_pipeline.py" line="23" time="2.229" /><testcase classname="tests.test_03_pipeline.TestSimplePipeline" name="test_simple_pipeline_uint16" file="tests/test_03_pipeline.py" line="67" time="2.601" /><testcase classname="tests.test_04_pipeline_testing_steps.TestPipelineTestSteps" name="test_pipeline_testing_step_altitude" file="tests/test_04_pipeline_testing_steps.py" line="314" time="1.508" /><testcase classname="tests.test_04_pipeline_testing_steps.TestPipelineTestSteps" name="test_pipeline_testing_step_depth" file="tests/test_04_pipeline_testing_steps.py" line="241" time="1.644" /><testcase classname="tests.test_04_pipeline_testing_steps.TestPipelineTestSteps" name="test_pipeline_testing_step_fixed" file="tests/test_04_pipeline_testing_steps.py" line="167" time="1.627" /><testcase classname="tests.test_04_pipeline_testing_steps.TestPipelineTestSteps" name="test_pipeline_testing_step_obscure_one_channel" file="tests/test_04_pipeline_testing_steps.py" line="647" time="1.383" /><testcase classname="tests.test_04_pipeline_testing_steps.TestPipelineTestSteps" name="test_pipeline_testing_step_obscure_three_channels" file="tests/test_04_pipeline_testing_steps.py" line="566" time="2.678" /><testcase classname="tests.test_04_pipeline_testing_steps.TestPipelineTestSteps" name="test_pipeline_testing_step_percent" file="tests/test_04_pipeline_testing_steps.py" line="116" time="1.368" /><testcase classname="tests.test_04_pipeline_testing_steps.TestPipelineTestSteps" name="test_pipeline_testing_step_pitch_roll" file="tests/test_04_pipeline_testing_steps.py" line="365" time="1.380" /><testcase classname="tests.test_04_pipeline_testing_steps.TestPipelineTestSteps" name="test_pipeline_testing_step_region_file" file="tests/test_04_pipeline_testing_steps.py" line="416" time="1.850" /><testcase classname="tests.test_04_pipeline_testing_steps.TestPipelineTestSteps" name="test_pipeline_testing_step_region_limits" file="tests/test_04_pipeline_testing_steps.py" line="498" time="1.397" /><testcase classname="tests.test_04_pipeline_testing_steps.TestPipelineTestSteps" name="test_pipeline_testing_steps" file="tests/test_04_pipeline_testing_steps.py" line="27" time="2.296" /><testcase classname="tests.test_05_pipeline_interaction.TestPipelineInteraction" name="test_pipeline_export" file="tests/test_05_pipeline_interaction.py" line="61" time="2.813" /><testcase classname="tests.test_05_pipeline_interaction.TestPipelineInteraction" name="test_pipeline_interaction" file="tests/test_05_pipeline_interaction.py" line="22" time="3.729" /><testcase classname="tests.test_05_pipeline_interaction.TestPipelineInteraction" name="test_raise_error" file="tests/test_05_pipeline_interaction.py" line="91" time="0.522" /><testcase classname="tests.test_06_pipeline_ifdo.TestPipelineIfdo" name="test_pipeline_ifdo" file="tests/test_06_pipeline_ifdo.py" line="21" time="28.376" /><testcase classname="tests.test_07_pipeline_generation.TestPipelineGenerator" name="test_pipeline_generator1" file="tests/test_07_pipeline_generation.py" line="19" time="0.495" /><testcase classname="tests.test_07_pipeline_generation.TestPipelineGenerator" name="test_pipeline_generator2" file="tests/test_07_pipeline_generation.py" line="49" time="1.198" /><testcase classname="tests.test_08_pipeline_dask.TestPipelineDask" name="test_parallel_processing_dask" file="tests/test_08_pipeline_dask.py" line="21" time="2.753" /><testcase classname="tests.test_09_custom_algorithm.TestPipelineCustomAlgorithm" name="test_custom_algorithm" file="tests/test_09_custom_algorithm.py" line="23" time="0.596" /><testcase classname="tests.test_09_custom_algorithm.TestPipelineCustomAlgorithm" name="test_custom_algorithm2" file="tests/test_09_custom_algorithm.py" line="43" time="0.575" /><testcase classname="tests.test_09_custom_algorithm.TestPipelineCustomAlgorithm" name="test_custom_algorithm_dataset" file="tests/test_09_custom_algorithm.py" line="84" time="0.571" /><testcase classname="tests.test_09_custom_algorithm.TestPipelineCustomAlgorithm" name="test_custom_algorithm_error" file="tests/test_09_custom_algorithm.py" line="70" time="0.698" /><testcase classname="tests.test_10_dask_cluster.TestDaskCluster" name="test_dask_cluster" file="tests/test_10_dask_cluster.py" line="19" time="10.978" /><testcase classname="tests.test_11_data_utils.TestDataUtils" name="test_data_utils_error_dataset" file="tests/test_11_data_utils.py" line="15" time="0.001" /><testcase classname="tests.test_12_convert_layer.TestConvertLayer" name="test_convert_bits_one" file="tests/test_12_convert_layer.py" line="25" time="1.111" /><testcase classname="tests.test_12_convert_layer.TestConvertLayer" name="test_convert_bits_several" file="tests/test_12_convert_layer.py" line="44" time="0.947" /><testcase classname="tests.test_12_convert_layer.TestConvertLayer" name="test_convert_crop_one" file="tests/test_12_convert_layer.py" line="242" time="1.637" /><testcase classname="tests.test_12_convert_layer.TestConvertLayer" name="test_convert_crop_several" file="tests/test_12_convert_layer.py" line="289" time="1.651" /><testcase classname="tests.test_12_convert_layer.TestConvertLayer" name="test_convert_normalise_one" file="tests/test_12_convert_layer.py" line="107" time="0.845" /><testcase classname="tests.test_12_convert_layer.TestConvertLayer" name="test_convert_normalise_several" file="tests/test_12_convert_layer.py" line="133" time="1.089" /><testcase classname="tests.test_12_convert_layer.TestConvertLayer" name="test_convert_resize_one" file="tests/test_12_convert_layer.py" line="160" time="1.611" /><testcase classname="tests.test_12_convert_layer.TestConvertLayer" name="test_convert_resize_several" file="tests/test_12_convert_layer.py" line="201" time="1.642" /><testcase classname="tests.test_12_convert_layer.TestConvertLayer" name="test_convert_to_one" file="tests/test_12_convert_layer.py" line="62" time="1.035" /><testcase classname="tests.test_12_convert_layer.TestConvertLayer" name="test_convert_to_several" file="tests/test_12_convert_layer.py" line="83" time="1.750" /><testcase classname="tests.test_13_colour_layer.TestColourLayer" name="test_colour_alteration_one" file="tests/test_13_colour_layer.py" line="268" time="3.165" /><testcase classname="tests.test_13_colour_layer.TestColourLayer" name="test_colour_alteration_several" file="tests/test_13_colour_layer.py" line="284" time="1.160" /><testcase classname="tests.test_13_colour_layer.TestColourLayer" name="test_colour_contrast_one" file="tests/test_13_colour_layer.py" line="154" time="1.346" /><testcase classname="tests.test_13_colour_layer.TestColourLayer" name="test_colour_contrast_several" file="tests/test_13_colour_layer.py" line="173" time="0.947" /><testcase classname="tests.test_13_colour_layer.TestColourLayer" name="test_colour_deblur_one" file="tests/test_13_colour_layer.py" line="228" time="2.839" /><testcase classname="tests.test_13_colour_layer.TestColourLayer" name="test_colour_deblur_several" file="tests/test_13_colour_layer.py" line="248" time="7.622" /><testcase classname="tests.test_13_colour_layer.TestColourLayer" name="test_colour_gaussian_blur_one" file="tests/test_13_colour_layer.py" line="78" time="0.839" /><testcase classname="tests.test_13_colour_layer.TestColourLayer" name="test_colour_gaussian_blur_several" file="tests/test_13_colour_layer.py" line="97" time="0.887" /><testcase classname="tests.test_13_colour_layer.TestColourLayer" name="test_colour_grayscale_one" file="tests/test_13_colour_layer.py" line="51" time="2.124" /><testcase classname="tests.test_13_colour_layer.TestColourLayer" name="test_colour_grayscale_several" file="tests/test_13_colour_layer.py" line="23" time="2.181" /><testcase classname="tests.test_13_colour_layer.TestColourLayer" name="test_colour_illumination_one" file="tests/test_13_colour_layer.py" line="192" time="7.198" /><testcase classname="tests.test_13_colour_layer.TestColourLayer" name="test_colour_illumination_several" file="tests/test_13_colour_layer.py" line="210" time="3.794" /><testcase classname="tests.test_13_colour_layer.TestColourLayer" name="test_colour_sharpen_one" file="tests/test_13_colour_layer.py" line="116" time="1.287" /><testcase classname="tests.test_13_colour_layer.TestColourLayer" name="test_colour_sharpen_several" file="tests/test_13_colour_layer.py" line="135" time="1.088" /><testcase classname="tests.test_13_colour_layer.TestColourLayer" name="test_edge_one" file="tests/test_13_colour_layer.py" line="304" time="40.251" /><testcase classname="tests.test_13_colour_layer.TestColourLayer" name="test_edge_several" file="tests/test_13_colour_layer.py" line="325" time="3.253" /><testcase classname="tests.test_14_position_layer.TestPositionLayer" name="test_position_layer" file="tests/test_14_position_layer.py" line="22" time="1.265" /><testcase classname="tests.test_14_position_layer.TestPositionLayer" name="test_position_layer_error" file="tests/test_14_position_layer.py" line="41" time="0.627" /><testcase classname="tests.test_15_track_changes.TestTrackChanges" name="test_processing_no_track_changes" file="tests/test_15_track_changes.py" line="19" time="1.961" /><testcase classname="tests.test_16_remote.TestRemoteData" name="test_processing_remote" file="tests/test_16_remote.py" line="15" time="0.001" /><testcase classname="tests.test_17_raw_files.TestRawFiles" name="test_raw_files" file="tests/test_17_raw_files.py" line="55" time="11.765" /><testcase classname="tests.test_17_raw_files.TestRawFiles" name="test_raw_files_remote" file="tests/test_17_raw_files.py" line="69" time="14.346" /><testcase classname="tests.test_17_raw_files.TestRawFiles" name="test_raw_nef_files" file="tests/test_17_raw_files.py" line="22" time="13.780" /><testcase classname="tests.test_17_raw_files.TestRawFiles" name="test_raw_nef_files_remote" file="tests/test_17_raw_files.py" line="36" time="15.882" /><testcase classname="tests.test_18_ifdo_utils.TestIFDOUtilsClass" name="test_export_metadata_to_csv_json" file="tests/test_18_ifdo_utils.py" line="33" time="1.849" /><testcase classname="tests.test_18_ifdo_utils.TestIFDOUtilsClass" name="test_export_metadata_to_ifdo" file="tests/test_18_ifdo_utils.py" line="46" time="2.392" /><testcase classname="tests.test_18_ifdo_utils.TestIFDOUtilsClass" name="test_validate_ifdo_utils" file="tests/test_18_ifdo_utils.py" line="18" time="0.390" /></testsuite></testsuites>